
[1m[46m RUN [49m[22m [36mv4.0.18 [39m[90mC:/Users/bhask/Desktop/Workspace/Bhaskar/web-agency-portfolio[39m

 [31mΓ¥»[39m src/components/__tests__/Contact.test.jsx [2m([22m[2m4 tests[22m[2m | [22m[31m1 failed[39m[2m)[22m[33m 381[2mms[22m[39m
     [32mΓ£ô[39m renders the contact section titles and text[32m 69[2mms[22m[39m
     [32mΓ£ô[39m renders input fields[32m 14[2mms[22m[39m
[31m     [31m├ù[31m handles form submission successfully[39m[32m 223[2mms[22m[39m
     [32mΓ£ô[39m handles API error[32m 74[2mms[22m[39m
node.exe : 
At line:1 char:1
+ & "C:\Program Files
\nodejs/node.exe" 
"C:\Program 
Files\nodejs/node_mo 
...
+ ~~~~~~~~~~~~~~~~~~~
~~~~~~~~~~~~~~~~~~~~~
~~~~~~~~~~~~~~~~~~~~~
~~~~~~~~
    + CategoryInfo   
           : NotSpe  
  cified: (:String   
 ) [], RemoteExce    
ption
    + FullyQualified 
   ErrorId : Native  
  CommandError
 
[31mΓÄ»ΓÄ»ΓÄ»ΓÄ»ΓÄ»Γ
Ä»ΓÄ»[39m[1m[41m 
Failed Tests 1 [49m
[22m[31mΓÄ»ΓÄ»ΓÄ»ΓÄ»
ΓÄ»ΓÄ»ΓÄ»[39m

[41m[1m FAIL 
[22m[49m src/compon
ents/__tests__/Contac
t.test.jsx[2m > 
[22mContact 
Component[2m > 
[22mhandles form 
submission 
successfully
[31m[1mAssertionErr
or[22m: expected 
"vi.fn()" to be 
called with 
arguments: [ ΓÇª(2) 
][90m

Received: 

[1m  1st vi.fn() 
call:

[22m[2m  [[22m
[32m-   "http://loca
lhost:5000/api/contac
t",[90m
[32m-   
ObjectContaining 
{[90m
[31m+   "https://you
r-backend-url.onrende
r.com/api/contact",[
90m
[31m+   {[90m
[2m      "body": "{\
"firstName\":\"John\"
,\"lastName\":\"Doe\"
,\"email\":\"john@exa
mple.com\",\"message\
":\"New 
project\"}",[22m
[31m+     
"headers": {[90m
[31m+       
"Content-Type": "appl
ication/json",[90m
[31m+     },[90m
[2m      "method": 
"POST",[22m
[2m    },[22m
[2m  ][22m
[31m[90m

Number of calls: 
[1m1[22m
[31m[39m
[36m [2mΓ¥»[22m sr
c/components/__tests_
_/Contact.test.jsx:[
2m51:30[22m[39m
    [90m 49| [39m  
      })[33m;[39m
    [90m 50| [39m
    [90m 51| [39m  
      expect(global.f
etch).toHaveBeenCalle
dWith('http://localho
st:50ΓÇª
    [90m   | [39m  
                     
      [31m^[39m
    [90m 52| [39m  
          
method[33m:[39m [3
2m'POST'[39m[33m,[
39m
    [90m 53| [39m  
          
body[33m:[39m [33m
JSON[39m[33m.[39m
[34mstringify[39m({

[31m[2mΓÄ»ΓÄ»ΓÄ»ΓÄ»
ΓÄ»ΓÄ»ΓÄ»ΓÄ»ΓÄ»ΓÄ»ΓÄ»
ΓÄ»ΓÄ»ΓÄ»ΓÄ»ΓÄ»ΓÄ»ΓÄ»
ΓÄ»ΓÄ»ΓÄ»ΓÄ»ΓÄ»ΓÄ»[1/
1]ΓÄ»[22m[39m


[2m Test Files [22m [1m[31m1 failed[39m[22m[90m (1)[39m
[2m      Tests [22m [1m[31m1 failed[39m[22m[2m | [22m[1m[32m3 passed[39m[22m[90m (4)[39m
[2m   Start at [22m 00:36:57
[2m   Duration [22m 3.01s[2m (transform 147ms, setup 167ms, import 845ms, tests 381ms, environment 1.31s)[22m

